--- Testing Career Test API ---
FAILED: {
  success: false,
  error: 'Validation failed',
  details: [
    {
      field: 'experienceLevel',
      message: '"experienceLevel" must be one of [beginner, intermediate, advanced, , null]'
    }
  ]
}

--- Testing Interview Prep API ---
FAILED: { success: false, error: 'Server error generating AI data' }

--- Testing Aptitude Test API ---
FAILED: { success: false, error: 'Server error generating AI data' }

--- Testing Skills (Skill Gap) API ---
FAILED: { success: false, error: 'Server error generating AI data' }
